<testsuite name="Django Project Tests" errors="0" failures="0" skips="0" tests="3" time="0.003"><testcase time="0.001745" classname="budget.tests.test_urls.TestUrls" name="test_add_url_resolved" /><testcase time="0.000275" classname="budget.tests.test_urls.TestUrls" name="test_detail_url_resolved" /><testcase time="0.000163" classname="budget.tests.test_urls.TestUrls" name="test_list_url_resolved" /></testsuite>